,0,1,2,3,4,5,6,7,8,9,10,11,12,13,14,15
,0,0,0,0,0,0,0,0,0,0,0,0,0,0,0,0
"(5, 1)",0,#,#,#,#,1,#,#,#,#,#,#,#,#,#,#
"(2, 1)",0,#,1,#,#,1,#,2,#,#,#,#,#,#,#,#
"(5, 2)",0,#,1,#,#,2,#,3,#,#,3,#,4,#,#,#
"(5, 4)",0,#,1,#,#,4,#,5,#,#,6,#,7,#,#,7
"(4, 4)",0,#,1,#,4,4,5,5,#,8,6,9,7,#,10,7
"(3, 3)",0,#,1,3,4,4,5,7,7,8,8,9,11,9,12,10
"(4, 2)",0,#,1,3,4,4,5,7,7,8,8,9,11,10,12,11
